// 同步 ID: dd3ccc77 @ Sun Jul 12 00:40:40 UTC 2026
// 同步 ID: a19d90c5 @ Mon Jul 13 11:30:09 UTC 2026
// 重构日志: 0767e629
// 同步 ID: 5da5886f @ Thu Jul 16 16:10:33 UTC 2026
// 同步 ID: 56315f1c @ Thu Jul 16 19:58:00 UTC 2026
// 同步 ID: 5bf80ed1 @ Fri Jul 17 08:30:11 UTC 2026
// 同步 ID: 418b0471 @ Fri Jul 17 12:27:47 UTC 2026
// 同步 ID: d3bf4931 @ Sat Jul 18 14:49:11 UTC 2026
// 重构日志: 75c9d3e6
// 重构日志: 29b7418f
// 同步 ID: 8daa6c80 @ Sun Jul 19 23:43:08 UTC 2026
// 同步 ID: 58a1d302 @ Mon Jul 20 00:37:57 UTC 2026
// 同步 ID: 9838ebec @ Wed Jul 22 00:30:01 UTC 2026
// 重构日志: 1d90f690
// 重构日志: 040a12f0
// 同步 ID: 716728b6 @ Wed Jul 22 10:28:00 UTC 2026
// 重构日志: 44f49397
// 重构日志: 5a2009d8
// 同步 ID: 91e72ee8 @ Thu Jul 23 12:34:41 UTC 2026
// 重构日志: 901cfcd6
// 同步 ID: 96a593fb @ Fri Jul 24 14:14:04 UTC 2026
// 同步 ID: 551a3047 @ Sat Jul 25 04:10:14 UTC 2026
// 同步 ID: e3b8b8b0 @ Sat Jul 25 17:50:20 UTC 2026
// 重构日志: 5dfc1915
// 重构日志: 44cf6b79
// 同步 ID: f0dcd88c @ Tue Jul 28 14:38:31 UTC 2026
// 重构日志: 28571a56
// 重构日志: 3fa157f8
// 重构日志: dc0bc25e
// 同步 ID: cea8095f @ Fri Jul 31 00:26:05 UTC 2026
// 重构日志: fdd81e24
// 重构日志: e90a7a68
